[11/08/2024, 21:29:52] LEGENDARY_CONFIG_PATH=/home/strobelt/.config/heroic/legendaryConfig/legendary /opt/Heroic/resources/app.asar.unpacked/build/bin/x64/linux/legendary cleanup
[11/08/2024, 21:29:52] LEGENDARY_CONFIG_PATH=/home/strobelt/.config/heroic/legendaryConfig/legendary /opt/Heroic/resources/app.asar.unpacked/build/bin/x64/linux/legendary --version
[cli] INFO: Cleanup complete! Removed 0.00 MiB.
legendary version "0.20.35", codename "Lowlife (Heroic)"
[11/08/2024, 21:41:52] LEGENDARY_CONFIG_PATH=/home/strobelt/.config/heroic/legendaryConfig/legendary /opt/Heroic/resources/app.asar.unpacked/build/bin/x64/linux/legendary auth --code <redacted>
[cli] INFO: Testing existing login data if present...
[cli] INFO: Successfully logged in as "LHSP"
[11/08/2024, 21:41:53] LEGENDARY_CONFIG_PATH=/home/strobelt/.config/heroic/legendaryConfig/legendary /opt/Heroic/resources/app.asar.unpacked/build/bin/x64/linux/legendary list --third-party
[cli] INFO: Logging in...
[Core] INFO: Trying to re-use existing login session...
[cli] INFO: Getting game list... (this may take a while)
[Core] INFO: Fetching metadata for 114 app(s).

Available games:
 * >observer_ (App name: Tumeric | Version: 1.0.0d)
 * Absolute Drift (App name: 19927295d6e3467887d4e830d8c85963 | Version: Win_202306231055)
 * ABZU (App name: Curry | Version: 1.0)
 * Alien: Isolation (App name: 8935bb3e1420443a9789fe01758039a5 | Version: 1.0RC5.284847.51533)
  + Alien: Isolation - Last Survivor (App name: 6b61b3692dae45be889bf38cb1f9ed84 | Version: 1.0RC5.284847.51533)
 * Asteroids: Recharged (App name: ee63838c6c394ce587ec0613c41161a6 | Version: 2)
 * Atari Mania (App name: b74fd85fc1af47019e4e7a065694141d | Version: 209)
 * Bad North Jotunn Edition (App name: Chives | Version: 2.00.5)
 * Batman™ Arkham Asylum Game of the Year Edition (App name: Godwit | Version: 1.93)
 * Batman™ Arkham City - Game of the Year Edition (App name: Egret | Version: 1.7)
 * Batman™ Arkham Knight (App name: Cowbird | Version: 1.999)
 * Black Widow: Recharged (App name: a21fd90517bf428eb7c995a8c3261722 | Version: 5)
 * Borderlands 2 (App name: Dodo | Version: 2.0.2_BN347_CL2863302)
 * Borderlands: The Pre-Sequel (App name: Turkey | Version: 2.0.2_BN160_CL2863302)
 * Cities Skylines (App name: bcbc03d8812a44c18f41cf7d5f849265 | Version: 1.17.1-f4-fixed)
 * Costume Quest (App name: Violetear | Version: 1)
 * Costume Quest 2 (App name: 82a78a4dd6ef4eaa892707791b705073 | Version: 1)
 * Crashlands (App name: afdf59e3dc8f40ec8fd887b5d3fcef23 | Version: epic_release_1.5.87_1.5.87-rc.8_windows_1650904578814)
 * Creature in the Well (App name: a579a08e71b341e6af106dbd170e2ab2 | Version: 1.0.0-137001-1)
 * Crying Suns (App name: 18fafa2d70d64831ab500a9d65ba9ab8 | Version: 3.0.1.20-WIN64)
 * Dandara: Trials of Fear Edition (App name: c35b9699c4e24c56976b5bd8eceba464 | Version: 1.4.11-pc)
 * Darkest Dungeon® (App name: 36cbf259e631478eaac6ea244e55a709 | Version: 25681.8)
 * Death Stranding (App name: Boga | Version: 2742586.206.1)
 * Death Stranding Content (App name: 5bf67f3153364181b54cb9e40ca7fa82 | Version: 1.01)
  + DEATH STRANDING DIGITAL SOUNDTRACK (App name: 84067e3ec8f149b2bbf2342d7a136065 | Version: 1.02)
  + HD Wallpaper (App name: f8bf1e29bbef480a9b28115ad0d644a0 | Version: 1.02)
  + SELECTIONS OF TITAN ART BOOK (App name: c311b22f878749449886949eeb588999 | Version: 1.01)
 * Defense Grid: The Awakening (App name: a434dcb20f0d439b93aaa31dac9e3210 | Version: 1.263117)
 * DEMON'S TILT (App name: b8b37813c5634dbdac61d88ff411135c | Version: SmallUIFix)
 * Deponia The Complete Journey (App name: 03b7b25a77024cc0adf44777f791ffc4 | Version: 3.3.0156.8)
 * DNF Duel (App name: 82cdbdf05c61474d89c4f9e8a8bf0ea4 | Version: 1.8.1-0)
 * Elite Dangerous (App name: 9c203b6ed35846e8a4a9ff1e314f6593 | Version: 3.8.289583-1.7.6974)
 * Enter the Gungeon (App name: Garlic | Version: 2.1.9a)
 * Farming Simulator 19 (App name: Stellula | Version: 1.7.1.0o Win)
 * For The King (App name: Discus | Version: 45)
 * Galactic Civilizations III (App name: 5f1c66366b2c4a6496d535d88c56e6cf | Version: v4.52.368416)
 * Galactic Civilizations III (Test branch) (App name: 8931f79300d04c5889799bffc8ef70bd | Version: v4.52.368416)
 * Ghostwire Tokyo (App name: 007ff8f4e30845a687e66aa77eb3e965 | Version: CL642509-A)
 * Ghostwire: Tokyo - Prelude (App name: 90185b9fc481480097f52d86921dc08c | Version: 1.7.1)
 * God's Trigger (App name: 9bc4423d873845739cc99ab69b6bfbe9 | Version: 1.2.58760.3)
 * Godfall (App name: Carp | Version: 5.1.23-prod-stable)
 * Grand Theft Auto V (App name: 9d2d0eb64d5c44529cece33fe2a46482 | Version: 1.0.3274.0_v2)
 * Halcyon 6 (App name: b9e848fc5e844f4285b0624789476664 | Version: 1.4.3.5)
 * Hand of Fate 2 (App name: 808f0dfbf3b84c2680793724d7f207bf | Version: 1.9.91_54131_Win64_Live)
 * HITMAN (App name: Barbet | Version: 4226454)
 * Idle Champions of the Forgotten Realms (App name: 40cb42e38c0b4a14a1bb133eb3291572 | Version: IdleDragons587064Live)
 * Inside (App name: Marigold | Version: 1.0.0)
 * Into The Breach (App name: Blobfish | Version: 1.2.93)
 * Invincible Presents: Atom Eve (App name: ef50503adc284a8ba65d4dea1ecce91a | Version: 1.0.25523)
 * Jurassic World Evolution (App name: 373a4372c20540aca7fdd880d27fa49a | Version: 1.12.7.54973)
 * Ken Follett's The Pillars of the Earth (App name: 819985835fd54090845e3083e28b77bb | Version: 1.2.12950-64Bit)
 * Kingdom New Lands (App name: cacao | Version: 1.2.8-r2121-Windows)
 * Kombinera (App name: 14b24b932f3f484f8c707157c29f9c43 | Version: 1.0.1135)
 * LEGO® Batman™ 2 DC Super Heroes (App name: Grackle | Version: 1.6)
 * LEGO® Batman™ 3 Beyond Gotham (App name: Gull | Version: 1.6)
 * LEGO® Batman™ The Videogame (App name: Goldeneye | Version: 1.2)
 * Lifeless Planet: Premier Edition (App name: 860a4feefe2a4f48905ae86c61d5db64 | Version: 1.0.0)
 * Loop Hero (App name: f7a0ebb44f93430fb1c4388a395eba96 | Version: 11054)
 * Metro 2033 Redux (App name: Petunia | Version: 0.1.0.0)
 * Metro Last Light Redux (App name: Speedwell | Version: 0.1.0.0)
 * Minit (App name: Petrel | Version: 0.1-staging-win32)
 * Moonlighter (App name: Eagle | Version: 1.14.38)
 * My Time at Portia (App name: Cobra | Version: 2.0.20210813)
 * Neon Abyss (App name: a26f991a5e6c4e9c9572fc200cbea47f | Version: Release_81)
 * Neverwinter (App name: 87be9bd6707748888bce1f79b025c5dd | Version: CL_2023_07_14_17_29)
 * Next Up Hero (App name: Sumac | Version: 0.0.16)
 * Night in the Woods (App name: cd1b8a6e5b6c47369e2a1e2cf7b7f536 | Version: 406.Win64)
 * Oddworld: New 'n' Tasty (App name: 7c566548d24343e48151125ced4b494c | Version: Epic 1.0)
 * Pathway (App name: 8fceb562623c430db9bb6abf0549c43e | Version: 1.4.0_windows64)
 * Pikuniku (App name: 48619f5656da446abccb727b78cda644 | Version: Win64_1)
 * Pillars of Eternity - Definitive Edition (App name: bcc75c246fe04e45b0c1f1c3fd52503a | Version: 1.0.13)
  + Pillars of Eternity - Definitive Edition Pack (App name: 8e975c15166a4a1ca28d65fdfa411248 | Version: 1.0.0)
 * Pine (App name: 6d564ff21f9c45b7b782b7113ad60be8 | Version: Patch 13)
 * Prison Architect (App name: 668ffa8fce0847ef9f1c005995cee6df | Version: 1.15.0.1.2.24.150)
 * RAGE 2 (App name: ad3d0f08dd0841d8a1ba77d94ded4773 | Version: 1.8)
 * Rebel Galaxy (App name: Weaver | Version: 1.08f)
 * Relicta (App name: b4670484aae24db492f0b468a98fe361 | Version: 1.1.0)
 * Remnant: From the Ashes (App name: b4a0d2d15acb4db894a599b810297543 | Version: Remnant_Win64_Shipping_275957)
 * Rise of the Tomb Raider: 20 Year Celebration (App name: f7cc1c999ac146f39b356f53e3489514 | Version: TR2_30112021_1027.0_1224023_303770_132827583431143041_)
 * Rocket League® (App name: Sugar | Version: BC2_Update51+454952)
 * RollerCoaster Tycoon® 3: Complete Edition (App name: 281a47e363284108b82bf05c1a612145 | Version: 3.2.5.13)
 * Salt and Sanctuary (App name: 499f085e442048aa854d6250b21c42fb | Version: 1.0.2.0_d)
 * SAMURAI SHODOWN NEOGEO COLLECTION (App name: 75553c71fa1744a4be89f71d5b862eae | Version: 1.0.5.4)
 * Shadow Complex Remastered (App name: Viper | Version: 119.1-2827332-Win32)
 * Shadow of the Tomb Raider: Definitive Edition (App name: 890d9cf396d04922a1559333df419fed | Version: TR11_10072023_492.0_1227914_740629_133334955480774690_)
 * Shadowrun Hong Kong (App name: 41470cb5755440b8b55ec3f94351133a | Version: 1.0.0)
 * Shadowrun Returns (App name: dc29cb42f32e4a17af1d68c715fa459c | Version: 1.0.0)
 * Shadowrun: Dragonfall - Director’s Cut (App name: 5b41454974be4d5883056ba298e53675 | Version: 1.0.0)
 * Sid Meier's Civilization VI (App name: Kinglet | Version: 1.0.12.951533_nebraska_update1_Kinglet)
  + Civilization VI : Aztec DLC (App name: KingletAztec | Version: 1.0.12.951533_nebraska_update1_KingletAztec)
 * Solitairica (App name: 4c76beac4e8a4156aa8dfb9c6db09746 | Version: Solitairica 1.1.13)
 * STAR WARS™ Battlefront™ II: Celebration Edition (App name: MtMassive | Version: None)
  - This game has to be activated, installed, and launched via Origin, use "legendary launch --origin MtMassive" to activate and/or run the game.
 * Stranded Deep (App name: 02107cba432c4551a027d25d597adc49 | Version: Stable-Build_1.0.38.0)
 * Superbrothers: Sword & Sworcery EP (App name: f6d328ca5be24fd585478d1477e1ea4d | Version: v1.3.e71b9_egs)
 * Surviving Mars (App name: Ovenbird | Version: 1.5_Fuglesang.1011166-Windows)
 * Tacoma (App name: Flagfin | Version: 1.0)
 * Terraforming Mars (App name: 582c8940f499450d9033840efe5937a6 | Version: Windows_2.5.3.130154_master)
 * The Escapists 2 (App name: Fowl | Version: 0.24)
 * The First Tree (App name: cd98b47155654e1f9a9e84e60d0b49e4 | Version: 1.0.0.32)
 * The Long Dark (App name: ed93b18355a84230938c705121c63661 | Version: Windows_138698)
  + The Long Dark: Wintermute (App name: 87441b64c6d746b7a7c90017c227dd0c | Version: Windows_WM_138586)
 * The Messenger (App name: Jay | Version: 2.0.2.4)
 * This War of Mine (App name: Cardinal | Version: 6.0.7.3)
 * Tomb Raider GAME OF THE YEAR EDITION (App name: d6264d56f5ba434e91d4b0a0b056c83a | Version: TRAS_15112021_838.0_1224060,275025(132814434654404397))
 * Torchlight II (App name: 8e425d507bd6473dbb927f0fea8ef4f6 | Version: 1.25.9.5)
 * Total War: WARHAMMER (App name: 30d3a88d29e24716ac5a4720042289f7 | Version: 16363.0)
 * Towerfall Ascension (App name: Bichir | Version: 1.3.3.1-installer)
 * Trackmania Starter Access (App name: Pigeon | Version: 1.3)
  - This game can be activated directly on your Ubisoft account and does not require legendary to install/run. Use "legendary activate --uplay" and follow the instructions.
 * Tropico 5 (App name: e4867c438f854da5a1d1f8c8609cac22 | Version: 197114[Windows])
  + Map Pack (App name: 8b5f1c51be3844bab51e2ee1089839f5 | Version: 197106[Windows])
 * Tyranny - Gold Edition (App name: 36b0e40890f147fbb1e3965f87369156 | Version: 1.0.21)
  + Tyranny - Gold Edition Pack (App name: 4d374e0805dc42bfb78c0ceb24bd1085 | Version: 1.0.0)
 * Watch Dogs 2 (App name: Angelonia | Version: 1.0)
  - This game can be activated directly on your Ubisoft account and does not require legendary to install/run. Use "legendary activate --uplay" and follow the instructions.
 * while True: learn() (App name: 4f272a49a39742b795d63e1f483a7c7d | Version: 1.7.101.win64)
 * Windbound (App name: a95bf4df6627431ca5baff8173c59635 | Version: 1.3.40746.206)

Total: 106
[11/08/2024, 21:41:58] LEGENDARY_CONFIG_PATH=/home/strobelt/.config/heroic/legendaryConfig/legendary /opt/Heroic/resources/app.asar.unpacked/build/bin/x64/linux/legendary list --third-party
[cli] INFO: Logging in...
[Core] INFO: Trying to re-use existing login session...
[cli] INFO: Getting game list... (this may take a while)

Available games:
 * >observer_ (App name: Tumeric | Version: 1.0.0d)
 * Absolute Drift (App name: 19927295d6e3467887d4e830d8c85963 | Version: Win_202306231055)
 * ABZU (App name: Curry | Version: 1.0)
 * Alien: Isolation (App name: 8935bb3e1420443a9789fe01758039a5 | Version: 1.0RC5.284847.51533)
  + Alien: Isolation - Last Survivor (App name: 6b61b3692dae45be889bf38cb1f9ed84 | Version: 1.0RC5.284847.51533)
 * Asteroids: Recharged (App name: ee63838c6c394ce587ec0613c41161a6 | Version: 2)
 * Atari Mania (App name: b74fd85fc1af47019e4e7a065694141d | Version: 209)
 * Bad North Jotunn Edition (App name: Chives | Version: 2.00.5)
 * Batman™ Arkham Asylum Game of the Year Edition (App name: Godwit | Version: 1.93)
 * Batman™ Arkham City - Game of the Year Edition (App name: Egret | Version: 1.7)
 * Batman™ Arkham Knight (App name: Cowbird | Version: 1.999)
 * Black Widow: Recharged (App name: a21fd90517bf428eb7c995a8c3261722 | Version: 5)
 * Borderlands 2 (App name: Dodo | Version: 2.0.2_BN347_CL2863302)
 * Borderlands: The Pre-Sequel (App name: Turkey | Version: 2.0.2_BN160_CL2863302)
 * Cities Skylines (App name: bcbc03d8812a44c18f41cf7d5f849265 | Version: 1.17.1-f4-fixed)
 * Costume Quest (App name: Violetear | Version: 1)
 * Costume Quest 2 (App name: 82a78a4dd6ef4eaa892707791b705073 | Version: 1)
 * Crashlands (App name: afdf59e3dc8f40ec8fd887b5d3fcef23 | Version: epic_release_1.5.87_1.5.87-rc.8_windows_1650904578814)
 * Creature in the Well (App name: a579a08e71b341e6af106dbd170e2ab2 | Version: 1.0.0-137001-1)
 * Crying Suns (App name: 18fafa2d70d64831ab500a9d65ba9ab8 | Version: 3.0.1.20-WIN64)
 * Dandara: Trials of Fear Edition (App name: c35b9699c4e24c56976b5bd8eceba464 | Version: 1.4.11-pc)
 * Darkest Dungeon® (App name: 36cbf259e631478eaac6ea244e55a709 | Version: 25681.8)
 * Death Stranding (App name: Boga | Version: 2742586.206.1)
 * Death Stranding Content (App name: 5bf67f3153364181b54cb9e40ca7fa82 | Version: 1.01)
  + DEATH STRANDING DIGITAL SOUNDTRACK (App name: 84067e3ec8f149b2bbf2342d7a136065 | Version: 1.02)
  + HD Wallpaper (App name: f8bf1e29bbef480a9b28115ad0d644a0 | Version: 1.02)
  + SELECTIONS OF TITAN ART BOOK (App name: c311b22f878749449886949eeb588999 | Version: 1.01)
 * Defense Grid: The Awakening (App name: a434dcb20f0d439b93aaa31dac9e3210 | Version: 1.263117)
 * DEMON'S TILT (App name: b8b37813c5634dbdac61d88ff411135c | Version: SmallUIFix)
 * Deponia The Complete Journey (App name: 03b7b25a77024cc0adf44777f791ffc4 | Version: 3.3.0156.8)
 * DNF Duel (App name: 82cdbdf05c61474d89c4f9e8a8bf0ea4 | Version: 1.8.1-0)
 * Elite Dangerous (App name: 9c203b6ed35846e8a4a9ff1e314f6593 | Version: 3.8.289583-1.7.6974)
 * Enter the Gungeon (App name: Garlic | Version: 2.1.9a)
 * Farming Simulator 19 (App name: Stellula | Version: 1.7.1.0o Win)
 * For The King (App name: Discus | Version: 45)
 * Galactic Civilizations III (App name: 5f1c66366b2c4a6496d535d88c56e6cf | Version: v4.52.368416)
 * Galactic Civilizations III (Test branch) (App name: 8931f79300d04c5889799bffc8ef70bd | Version: v4.52.368416)
 * Ghostwire Tokyo (App name: 007ff8f4e30845a687e66aa77eb3e965 | Version: CL642509-A)
 * Ghostwire: Tokyo - Prelude (App name: 90185b9fc481480097f52d86921dc08c | Version: 1.7.1)
 * God's Trigger (App name: 9bc4423d873845739cc99ab69b6bfbe9 | Version: 1.2.58760.3)
 * Godfall (App name: Carp | Version: 5.1.23-prod-stable)
 * Grand Theft Auto V (App name: 9d2d0eb64d5c44529cece33fe2a46482 | Version: 1.0.3274.0_v2)
 * Halcyon 6 (App name: b9e848fc5e844f4285b0624789476664 | Version: 1.4.3.5)
 * Hand of Fate 2 (App name: 808f0dfbf3b84c2680793724d7f207bf | Version: 1.9.91_54131_Win64_Live)
 * HITMAN (App name: Barbet | Version: 4226454)
 * Idle Champions of the Forgotten Realms (App name: 40cb42e38c0b4a14a1bb133eb3291572 | Version: IdleDragons587064Live)
 * Inside (App name: Marigold | Version: 1.0.0)
 * Into The Breach (App name: Blobfish | Version: 1.2.93)
 * Invincible Presents: Atom Eve (App name: ef50503adc284a8ba65d4dea1ecce91a | Version: 1.0.25523)
 * Jurassic World Evolution (App name: 373a4372c20540aca7fdd880d27fa49a | Version: 1.12.7.54973)
 * Ken Follett's The Pillars of the Earth (App name: 819985835fd54090845e3083e28b77bb | Version: 1.2.12950-64Bit)
 * Kingdom New Lands (App name: cacao | Version: 1.2.8-r2121-Windows)
 * Kombinera (App name: 14b24b932f3f484f8c707157c29f9c43 | Version: 1.0.1135)
 * LEGO® Batman™ 2 DC Super Heroes (App name: Grackle | Version: 1.6)
 * LEGO® Batman™ 3 Beyond Gotham (App name: Gull | Version: 1.6)
 * LEGO® Batman™ The Videogame (App name: Goldeneye | Version: 1.2)
 * Lifeless Planet: Premier Edition (App name: 860a4feefe2a4f48905ae86c61d5db64 | Version: 1.0.0)
 * Loop Hero (App name: f7a0ebb44f93430fb1c4388a395eba96 | Version: 11054)
 * Metro 2033 Redux (App name: Petunia | Version: 0.1.0.0)
 * Metro Last Light Redux (App name: Speedwell | Version: 0.1.0.0)
 * Minit (App name: Petrel | Version: 0.1-staging-win32)
 * Moonlighter (App name: Eagle | Version: 1.14.38)
 * My Time at Portia (App name: Cobra | Version: 2.0.20210813)
 * Neon Abyss (App name: a26f991a5e6c4e9c9572fc200cbea47f | Version: Release_81)
 * Neverwinter (App name: 87be9bd6707748888bce1f79b025c5dd | Version: CL_2023_07_14_17_29)
 * Next Up Hero (App name: Sumac | Version: 0.0.16)
 * Night in the Woods (App name: cd1b8a6e5b6c47369e2a1e2cf7b7f536 | Version: 406.Win64)
 * Oddworld: New 'n' Tasty (App name: 7c566548d24343e48151125ced4b494c | Version: Epic 1.0)
 * Pathway (App name: 8fceb562623c430db9bb6abf0549c43e | Version: 1.4.0_windows64)
 * Pikuniku (App name: 48619f5656da446abccb727b78cda644 | Version: Win64_1)
 * Pillars of Eternity - Definitive Edition (App name: bcc75c246fe04e45b0c1f1c3fd52503a | Version: 1.0.13)
  + Pillars of Eternity - Definitive Edition Pack (App name: 8e975c15166a4a1ca28d65fdfa411248 | Version: 1.0.0)
 * Pine (App name: 6d564ff21f9c45b7b782b7113ad60be8 | Version: Patch 13)
 * Prison Architect (App name: 668ffa8fce0847ef9f1c005995cee6df | Version: 1.15.0.1.2.24.150)
 * RAGE 2 (App name: ad3d0f08dd0841d8a1ba77d94ded4773 | Version: 1.8)
 * Rebel Galaxy (App name: Weaver | Version: 1.08f)
 * Relicta (App name: b4670484aae24db492f0b468a98fe361 | Version: 1.1.0)
 * Remnant: From the Ashes (App name: b4a0d2d15acb4db894a599b810297543 | Version: Remnant_Win64_Shipping_275957)
 * Rise of the Tomb Raider: 20 Year Celebration (App name: f7cc1c999ac146f39b356f53e3489514 | Version: TR2_30112021_1027.0_1224023_303770_132827583431143041_)
 * Rocket League® (App name: Sugar | Version: BC2_Update51+454952)
 * RollerCoaster Tycoon® 3: Complete Edition (App name: 281a47e363284108b82bf05c1a612145 | Version: 3.2.5.13)
 * Salt and Sanctuary (App name: 499f085e442048aa854d6250b21c42fb | Version: 1.0.2.0_d)
 * SAMURAI SHODOWN NEOGEO COLLECTION (App name: 75553c71fa1744a4be89f71d5b862eae | Version: 1.0.5.4)
 * Shadow Complex Remastered (App name: Viper | Version: 119.1-2827332-Win32)
 * Shadow of the Tomb Raider: Definitive Edition (App name: 890d9cf396d04922a1559333df419fed | Version: TR11_10072023_492.0_1227914_740629_133334955480774690_)
 * Shadowrun Hong Kong (App name: 41470cb5755440b8b55ec3f94351133a | Version: 1.0.0)
 * Shadowrun Returns (App name: dc29cb42f32e4a17af1d68c715fa459c | Version: 1.0.0)
 * Shadowrun: Dragonfall - Director’s Cut (App name: 5b41454974be4d5883056ba298e53675 | Version: 1.0.0)
 * Sid Meier's Civilization VI (App name: Kinglet | Version: 1.0.12.951533_nebraska_update1_Kinglet)
  + Civilization VI : Aztec DLC (App name: KingletAztec | Version: 1.0.12.951533_nebraska_update1_KingletAztec)
 * Solitairica (App name: 4c76beac4e8a4156aa8dfb9c6db09746 | Version: Solitairica 1.1.13)
 * STAR WARS™ Battlefront™ II: Celebration Edition (App name: MtMassive | Version: None)
  - This game has to be activated, installed, and launched via Origin, use "legendary launch --origin MtMassive" to activate and/or run the game.
 * Stranded Deep (App name: 02107cba432c4551a027d25d597adc49 | Version: Stable-Build_1.0.38.0)
 * Superbrothers: Sword & Sworcery EP (App name: f6d328ca5be24fd585478d1477e1ea4d | Version: v1.3.e71b9_egs)
 * Surviving Mars (App name: Ovenbird | Version: 1.5_Fuglesang.1011166-Windows)
 * Tacoma (App name: Flagfin | Version: 1.0)
 * Terraforming Mars (App name: 582c8940f499450d9033840efe5937a6 | Version: Windows_2.5.3.130154_master)
 * The Escapists 2 (App name: Fowl | Version: 0.24)
 * The First Tree (App name: cd98b47155654e1f9a9e84e60d0b49e4 | Version: 1.0.0.32)
 * The Long Dark (App name: ed93b18355a84230938c705121c63661 | Version: Windows_138698)
  + The Long Dark: Wintermute (App name: 87441b64c6d746b7a7c90017c227dd0c | Version: Windows_WM_138586)
 * The Messenger (App name: Jay | Version: 2.0.2.4)
 * This War of Mine (App name: Cardinal | Version: 6.0.7.3)
 * Tomb Raider GAME OF THE YEAR EDITION (App name: d6264d56f5ba434e91d4b0a0b056c83a | Version: TRAS_15112021_838.0_1224060,275025(132814434654404397))
 * Torchlight II (App name: 8e425d507bd6473dbb927f0fea8ef4f6 | Version: 1.25.9.5)
 * Total War: WARHAMMER (App name: 30d3a88d29e24716ac5a4720042289f7 | Version: 16363.0)
 * Towerfall Ascension (App name: Bichir | Version: 1.3.3.1-installer)
 * Trackmania Starter Access (App name: Pigeon | Version: 1.3)
  - This game can be activated directly on your Ubisoft account and does not require legendary to install/run. Use "legendary activate --uplay" and follow the instructions.
 * Tropico 5 (App name: e4867c438f854da5a1d1f8c8609cac22 | Version: 197114[Windows])
  + Map Pack (App name: 8b5f1c51be3844bab51e2ee1089839f5 | Version: 197106[Windows])
 * Tyranny - Gold Edition (App name: 36b0e40890f147fbb1e3965f87369156 | Version: 1.0.21)
  + Tyranny - Gold Edition Pack (App name: 4d374e0805dc42bfb78c0ceb24bd1085 | Version: 1.0.0)
 * Watch Dogs 2 (App name: Angelonia | Version: 1.0)
  - This game can be activated directly on your Ubisoft account and does not require legendary to install/run. Use "legendary activate --uplay" and follow the instructions.
 * while True: learn() (App name: 4f272a49a39742b795d63e1f483a7c7d | Version: 1.7.101.win64)
 * Windbound (App name: a95bf4df6627431ca5baff8173c59635 | Version: 1.3.40746.206)

Total: 106
