[API] INFO: Getting Dependencies repository
(186.5495023727417, 'MB') 195611331
(237.57841777801514, 'MB') 249119027
[PROGRESS] INFO: = Progress: 0.00 0/249119027, Running for: 00:00:00, ETA: 00:00:00
[PROGRESS] INFO: = Downloaded: 0.00 MiB, Written: 0.00 MiB
[PROGRESS] INFO:  + Download	- 0.00 MiB/s (raw) / 0.00 MiB/s (decompressed)
[PROGRESS] INFO:  + Disk	- 0.00 MiB/s (write) / 0.00 MiB/s (read)
[PROGRESS] INFO: = Progress: 0.00 0/249119027, Running for: 00:00:01, ETA: 00:00:00
[PROGRESS] INFO: = Downloaded: 2.21 MiB, Written: 0.00 MiB
[PROGRESS] INFO:  + Download	- 0.01 MiB/s (raw) / 0.02 MiB/s (decompressed)
[PROGRESS] INFO:  + Disk	- 0.81 MiB/s (write) / 0.00 MiB/s (read)
[PROGRESS] INFO: = Progress: 0.50 1253424/249119027, Running for: 00:00:02, ETA: 00:07:28
[PROGRESS] INFO: = Downloaded: 24.02 MiB, Written: 1.20 MiB
[PROGRESS] INFO:  + Download	- 0.27 MiB/s (raw) / 0.27 MiB/s (decompressed)
[PROGRESS] INFO:  + Disk	- 0.19 MiB/s (write) / 0.00 MiB/s (read)
[PROGRESS] INFO: = Progress: 0.50 1253424/249119027, Running for: 00:00:03, ETA: 00:10:46
[PROGRESS] INFO: = Downloaded: 39.50 MiB, Written: 1.20 MiB
[PROGRESS] INFO:  + Download	- 0.26 MiB/s (raw) / 0.26 MiB/s (decompressed)
[PROGRESS] INFO:  + Disk	- 0.00 MiB/s (write) / 0.00 MiB/s (read)
[PROGRESS] INFO: = Progress: 0.50 1253424/249119027, Running for: 00:00:04, ETA: 00:14:04
[PROGRESS] INFO: = Downloaded: 39.50 MiB, Written: 1.20 MiB
[PROGRESS] INFO:  + Download	- 0.26 MiB/s (raw) / 0.26 MiB/s (decompressed)
[PROGRESS] INFO:  + Disk	- 0.00 MiB/s (write) / 0.00 MiB/s (read)
[PROGRESS] INFO: = Progress: 0.50 1253424/249119027, Running for: 00:00:05, ETA: 00:17:22
[PROGRESS] INFO: = Downloaded: 39.50 MiB, Written: 1.20 MiB
[PROGRESS] INFO:  + Download	- 0.09 MiB/s (raw) / 0.09 MiB/s (decompressed)
[PROGRESS] INFO:  + Disk	- 0.00 MiB/s (write) / 0.00 MiB/s (read)
[PROGRESS] INFO: = Progress: 0.50 1253424/249119027, Running for: 00:00:06, ETA: 00:20:40
[PROGRESS] INFO: = Downloaded: 39.59 MiB, Written: 1.20 MiB
[PROGRESS] INFO:  + Download	- 0.17 MiB/s (raw) / 0.17 MiB/s (decompressed)
[PROGRESS] INFO:  + Disk	- 0.00 MiB/s (write) / 0.00 MiB/s (read)
[PROGRESS] INFO: = Progress: 0.50 1253424/249119027, Running for: 00:00:07, ETA: 00:23:58
[PROGRESS] INFO: = Downloaded: 39.59 MiB, Written: 1.20 MiB
[PROGRESS] INFO:  + Download	- 0.50 MiB/s (raw) / 0.58 MiB/s (decompressed)
[PROGRESS] INFO:  + Disk	- 0.00 MiB/s (write) / 0.00 MiB/s (read)
[PROGRESS] INFO: = Progress: 0.50 1253424/249119027, Running for: 00:00:08, ETA: 00:27:16
[PROGRESS] INFO: = Downloaded: 39.59 MiB, Written: 1.20 MiB
[PROGRESS] INFO:  + Download	- 0.04 MiB/s (raw) / 0.04 MiB/s (decompressed)
[PROGRESS] INFO:  + Disk	- 0.00 MiB/s (write) / 0.00 MiB/s (read)
[PROGRESS] INFO: = Progress: 18.00 44850235/249119027, Running for: 00:00:09, ETA: 00:00:45
[PROGRESS] INFO: = Downloaded: 57.14 MiB, Written: 42.77 MiB
[PROGRESS] INFO:  + Download	- 18.04 MiB/s (raw) / 18.91 MiB/s (decompressed)
[PROGRESS] INFO:  + Disk	- 24.86 MiB/s (write) / 0.00 MiB/s (read)
[PROGRESS] INFO: = Progress: 18.00 44850235/249119027, Running for: 00:00:10, ETA: 00:00:49
[PROGRESS] INFO: = Downloaded: 70.31 MiB, Written: 42.77 MiB
[PROGRESS] INFO:  + Download	- 0.50 MiB/s (raw) / 0.50 MiB/s (decompressed)
[PROGRESS] INFO:  + Disk	- 0.00 MiB/s (write) / 0.00 MiB/s (read)
[PROGRESS] INFO: = Progress: 18.00 44850235/249119027, Running for: 00:00:11, ETA: 00:00:54
[PROGRESS] INFO: = Downloaded: 79.58 MiB, Written: 42.77 MiB
[PROGRESS] INFO:  + Download	- 0.50 MiB/s (raw) / 0.50 MiB/s (decompressed)
[PROGRESS] INFO:  + Disk	- 0.00 MiB/s (write) / 0.00 MiB/s (read)
[PROGRESS] INFO: = Progress: 26.07 64955377/249119027, Running for: 00:00:13, ETA: 00:00:36
[PROGRESS] INFO: = Downloaded: 96.07 MiB, Written: 61.95 MiB
[PROGRESS] INFO:  + Download	- 10.97 MiB/s (raw) / 11.03 MiB/s (decompressed)
[PROGRESS] INFO:  + Disk	- 17.80 MiB/s (write) / 0.00 MiB/s (read)
[PROGRESS] INFO: = Progress: 41.82 104184379/249119027, Running for: 00:00:14, ETA: 00:00:20
[PROGRESS] INFO: = Downloaded: 127.10 MiB, Written: 99.36 MiB
[PROGRESS] INFO:  + Download	- 15.28 MiB/s (raw) / 15.37 MiB/s (decompressed)
[PROGRESS] INFO:  + Disk	- 21.93 MiB/s (write) / 0.00 MiB/s (read)
[PROGRESS] INFO: = Progress: 41.82 104184379/249119027, Running for: 00:00:15, ETA: 00:00:21
[PROGRESS] INFO: = Downloaded: 127.10 MiB, Written: 99.36 MiB
[PROGRESS] INFO:  + Download	- 0.13 MiB/s (raw) / 0.13 MiB/s (decompressed)
[PROGRESS] INFO:  + Disk	- 0.00 MiB/s (write) / 0.00 MiB/s (read)
[PROGRESS] INFO: = Progress: 41.82 104184379/249119027, Running for: 00:00:16, ETA: 00:00:23
[PROGRESS] INFO: = Downloaded: 142.64 MiB, Written: 99.36 MiB
[PROGRESS] INFO:  + Download	- 0.50 MiB/s (raw) / 0.50 MiB/s (decompressed)
[PROGRESS] INFO:  + Disk	- 0.00 MiB/s (write) / 0.00 MiB/s (read)
[PROGRESS] INFO: = Progress: 41.82 104184379/249119027, Running for: 00:00:17, ETA: 00:00:24
[PROGRESS] INFO: = Downloaded: 142.64 MiB, Written: 99.36 MiB
[PROGRESS] INFO:  + Download	- 0.50 MiB/s (raw) / 0.50 MiB/s (decompressed)
[PROGRESS] INFO:  + Disk	- 0.00 MiB/s (write) / 0.00 MiB/s (read)
[PROGRESS] INFO: = Progress: 41.82 104184379/249119027, Running for: 00:00:18, ETA: 00:00:26
[PROGRESS] INFO: = Downloaded: 142.64 MiB, Written: 99.36 MiB
[PROGRESS] INFO:  + Download	- 0.04 MiB/s (raw) / 0.04 MiB/s (decompressed)
[PROGRESS] INFO:  + Disk	- 0.00 MiB/s (write) / 0.00 MiB/s (read)
[PROGRESS] INFO: = Progress: 41.82 104184379/249119027, Running for: 00:00:19, ETA: 00:00:27
[PROGRESS] INFO: = Downloaded: 142.64 MiB, Written: 99.36 MiB
[PROGRESS] INFO:  + Download	- 0.22 MiB/s (raw) / 0.22 MiB/s (decompressed)
[PROGRESS] INFO:  + Disk	- 0.00 MiB/s (write) / 0.00 MiB/s (read)
[PROGRESS] INFO: = Progress: 41.82 104184379/249119027, Running for: 00:00:20, ETA: 00:00:28
[PROGRESS] INFO: = Downloaded: 142.64 MiB, Written: 99.36 MiB
[PROGRESS] INFO:  + Download	- 0.50 MiB/s (raw) / 0.50 MiB/s (decompressed)
[PROGRESS] INFO:  + Disk	- 0.00 MiB/s (write) / 0.00 MiB/s (read)
[PROGRESS] INFO: = Progress: 41.82 104184379/249119027, Running for: 00:00:21, ETA: 00:00:30
[PROGRESS] INFO: = Downloaded: 142.64 MiB, Written: 99.36 MiB
[PROGRESS] INFO:  + Download	- 0.50 MiB/s (raw) / 0.50 MiB/s (decompressed)
[PROGRESS] INFO:  + Disk	- 0.00 MiB/s (write) / 0.00 MiB/s (read)
[PROGRESS] INFO: = Progress: 41.82 104184379/249119027, Running for: 00:00:22, ETA: 00:00:31
[PROGRESS] INFO: = Downloaded: 142.64 MiB, Written: 99.36 MiB
[PROGRESS] INFO:  + Download	- 0.18 MiB/s (raw) / 0.19 MiB/s (decompressed)
[PROGRESS] INFO:  + Disk	- 0.00 MiB/s (write) / 0.00 MiB/s (read)
[PROGRESS] INFO: = Progress: 41.82 104184379/249119027, Running for: 00:00:23, ETA: 00:00:33
[PROGRESS] INFO: = Downloaded: 142.64 MiB, Written: 99.36 MiB
[PROGRESS] INFO:  + Download	- 0.50 MiB/s (raw) / 0.50 MiB/s (decompressed)
[PROGRESS] INFO:  + Disk	- 0.00 MiB/s (write) / 0.00 MiB/s (read)
[PROGRESS] INFO: = Progress: 54.45 135641659/249119027, Running for: 00:00:25, ETA: 00:00:21
[PROGRESS] INFO: = Downloaded: 152.56 MiB, Written: 129.36 MiB
[PROGRESS] INFO:  + Download	- 6.02 MiB/s (raw) / 6.28 MiB/s (decompressed)
[PROGRESS] INFO:  + Disk	- 18.12 MiB/s (write) / 0.00 MiB/s (read)
[PROGRESS] INFO: = Progress: 54.45 135641659/249119027, Running for: 00:00:26, ETA: 00:00:22
[PROGRESS] INFO: = Downloaded: 152.56 MiB, Written: 129.36 MiB
[PROGRESS] INFO:  + Download	- 0.50 MiB/s (raw) / 0.50 MiB/s (decompressed)
[PROGRESS] INFO:  + Disk	- 0.00 MiB/s (write) / 0.00 MiB/s (read)
[PROGRESS] INFO: = Progress: 54.45 135641659/249119027, Running for: 00:00:27, ETA: 00:00:22
[PROGRESS] INFO: = Downloaded: 152.56 MiB, Written: 129.36 MiB
[PROGRESS] INFO:  + Download	- 0.50 MiB/s (raw) / 0.50 MiB/s (decompressed)
[PROGRESS] INFO:  + Disk	- 0.00 MiB/s (write) / 0.00 MiB/s (read)
[PROGRESS] INFO: = Progress: 54.45 135641659/249119027, Running for: 00:00:28, ETA: 00:00:23
[PROGRESS] INFO: = Downloaded: 152.56 MiB, Written: 129.36 MiB
[PROGRESS] INFO:  + Download	- 0.30 MiB/s (raw) / 0.30 MiB/s (decompressed)
[PROGRESS] INFO:  + Disk	- 0.00 MiB/s (write) / 0.00 MiB/s (read)
[PROGRESS] INFO: = Progress: 54.45 135641659/249119027, Running for: 00:00:29, ETA: 00:00:24
[PROGRESS] INFO: = Downloaded: 152.56 MiB, Written: 129.36 MiB
[PROGRESS] INFO:  + Download	- 0.50 MiB/s (raw) / 0.50 MiB/s (decompressed)
[PROGRESS] INFO:  + Disk	- 0.00 MiB/s (write) / 0.00 MiB/s (read)
[PROGRESS] INFO: = Progress: 54.45 135641659/249119027, Running for: 00:00:30, ETA: 00:00:25
[PROGRESS] INFO: = Downloaded: 152.56 MiB, Written: 129.36 MiB
[PROGRESS] INFO:  + Download	- 0.50 MiB/s (raw) / 0.50 MiB/s (decompressed)
[PROGRESS] INFO:  + Disk	- 0.00 MiB/s (write) / 0.00 MiB/s (read)
[PROGRESS] INFO: = Progress: 54.45 135641659/249119027, Running for: 00:00:31, ETA: 00:00:26
[PROGRESS] INFO: = Downloaded: 152.56 MiB, Written: 129.36 MiB
[PROGRESS] INFO:  + Download	- 0.37 MiB/s (raw) / 0.38 MiB/s (decompressed)
[PROGRESS] INFO:  + Disk	- 0.00 MiB/s (write) / 0.00 MiB/s (read)
[PROGRESS] INFO: = Progress: 54.45 135641659/249119027, Running for: 00:00:32, ETA: 00:00:27
[PROGRESS] INFO: = Downloaded: 152.56 MiB, Written: 129.36 MiB
[PROGRESS] INFO:  + Download	- 0.22 MiB/s (raw) / 0.22 MiB/s (decompressed)
[PROGRESS] INFO:  + Disk	- 0.00 MiB/s (write) / 0.00 MiB/s (read)
[PROGRESS] INFO: = Progress: 54.45 135641659/249119027, Running for: 00:00:33, ETA: 00:00:27
[PROGRESS] INFO: = Downloaded: 152.56 MiB, Written: 129.36 MiB
[PROGRESS] INFO:  + Download	- 0.49 MiB/s (raw) / 0.49 MiB/s (decompressed)
[PROGRESS] INFO:  + Disk	- 0.00 MiB/s (write) / 0.00 MiB/s (read)
[PROGRESS] INFO: = Progress: 54.45 135641659/249119027, Running for: 00:00:34, ETA: 00:00:28
[PROGRESS] INFO: = Downloaded: 152.56 MiB, Written: 129.36 MiB
[PROGRESS] INFO:  + Download	- 0.50 MiB/s (raw) / 0.50 MiB/s (decompressed)
[PROGRESS] INFO:  + Disk	- 0.00 MiB/s (write) / 0.00 MiB/s (read)
[PROGRESS] INFO: = Progress: 54.45 135641659/249119027, Running for: 00:00:35, ETA: 00:00:29
[PROGRESS] INFO: = Downloaded: 152.56 MiB, Written: 129.36 MiB
[PROGRESS] INFO:  + Download	- 0.26 MiB/s (raw) / 0.26 MiB/s (decompressed)
[PROGRESS] INFO:  + Disk	- 0.00 MiB/s (write) / 0.00 MiB/s (read)
[PROGRESS] INFO: = Progress: 54.45 135641659/249119027, Running for: 00:00:36, ETA: 00:00:30
[PROGRESS] INFO: = Downloaded: 152.56 MiB, Written: 129.36 MiB
[PROGRESS] INFO:  + Download	- 0.50 MiB/s (raw) / 0.50 MiB/s (decompressed)
[PROGRESS] INFO:  + Disk	- 0.00 MiB/s (write) / 0.00 MiB/s (read)
[PROGRESS] INFO: = Progress: 54.45 135641659/249119027, Running for: 00:00:37, ETA: 00:00:31
[PROGRESS] INFO: = Downloaded: 152.56 MiB, Written: 129.36 MiB
[PROGRESS] INFO:  + Download	- 0.03 MiB/s (raw) / 0.03 MiB/s (decompressed)
[PROGRESS] INFO:  + Disk	- 0.00 MiB/s (write) / 0.00 MiB/s (read)
[PROGRESS] INFO: = Progress: 54.45 135641659/249119027, Running for: 00:00:38, ETA: 00:00:32
[PROGRESS] INFO: = Downloaded: 152.56 MiB, Written: 129.36 MiB
[PROGRESS] INFO:  + Download	- 0.26 MiB/s (raw) / 0.26 MiB/s (decompressed)
[PROGRESS] INFO:  + Disk	- 0.00 MiB/s (write) / 0.00 MiB/s (read)
[PROGRESS] INFO: = Progress: 54.45 135641659/249119027, Running for: 00:00:39, ETA: 00:00:32
[PROGRESS] INFO: = Downloaded: 152.56 MiB, Written: 129.36 MiB
[PROGRESS] INFO:  + Download	- 0.50 MiB/s (raw) / 0.50 MiB/s (decompressed)
[PROGRESS] INFO:  + Disk	- 0.00 MiB/s (write) / 0.00 MiB/s (read)
[PROGRESS] INFO: = Progress: 54.45 135641659/249119027, Running for: 00:00:40, ETA: 00:00:33
[PROGRESS] INFO: = Downloaded: 152.56 MiB, Written: 129.36 MiB
[PROGRESS] INFO:  + Download	- 0.28 MiB/s (raw) / 0.28 MiB/s (decompressed)
[PROGRESS] INFO:  + Disk	- 0.00 MiB/s (write) / 0.00 MiB/s (read)
[PROGRESS] INFO: = Progress: 54.45 135641659/249119027, Running for: 00:00:41, ETA: 00:00:34
[PROGRESS] INFO: = Downloaded: 152.56 MiB, Written: 129.36 MiB
[PROGRESS] INFO:  + Download	- 0.50 MiB/s (raw) / 0.50 MiB/s (decompressed)
[PROGRESS] INFO:  + Disk	- 0.00 MiB/s (write) / 0.00 MiB/s (read)
[PROGRESS] INFO: = Progress: 54.45 135641659/249119027, Running for: 00:00:42, ETA: 00:00:35
[PROGRESS] INFO: = Downloaded: 152.56 MiB, Written: 129.36 MiB
[PROGRESS] INFO:  + Download	- 0.12 MiB/s (raw) / 0.13 MiB/s (decompressed)
[PROGRESS] INFO:  + Disk	- 0.00 MiB/s (write) / 0.00 MiB/s (read)
[PROGRESS] INFO: = Progress: 54.45 135641659/249119027, Running for: 00:00:43, ETA: 00:00:36
[PROGRESS] INFO: = Downloaded: 152.56 MiB, Written: 129.36 MiB
[PROGRESS] INFO:  + Download	- 0.19 MiB/s (raw) / 0.19 MiB/s (decompressed)
[PROGRESS] INFO:  + Disk	- 0.00 MiB/s (write) / 0.00 MiB/s (read)
[PROGRESS] INFO: = Progress: 54.45 135641659/249119027, Running for: 00:00:44, ETA: 00:00:37
[PROGRESS] INFO: = Downloaded: 152.56 MiB, Written: 129.36 MiB
[PROGRESS] INFO:  + Download	- 0.50 MiB/s (raw) / 0.50 MiB/s (decompressed)
[PROGRESS] INFO:  + Disk	- 0.00 MiB/s (write) / 0.00 MiB/s (read)
[PROGRESS] INFO: = Progress: 54.45 135641659/249119027, Running for: 00:00:45, ETA: 00:00:38
[PROGRESS] INFO: = Downloaded: 152.56 MiB, Written: 129.36 MiB
[PROGRESS] INFO:  + Download	- 0.50 MiB/s (raw) / 0.50 MiB/s (decompressed)
[PROGRESS] INFO:  + Disk	- 0.00 MiB/s (write) / 0.00 MiB/s (read)
[PROGRESS] INFO: = Progress: 54.45 135641659/249119027, Running for: 00:00:46, ETA: 00:00:38
[PROGRESS] INFO: = Downloaded: 152.56 MiB, Written: 129.36 MiB
[PROGRESS] INFO:  + Download	- 0.50 MiB/s (raw) / 0.50 MiB/s (decompressed)
[PROGRESS] INFO:  + Disk	- 0.00 MiB/s (write) / 0.00 MiB/s (read)
[PROGRESS] INFO: = Progress: 69.42 172926491/249119027, Running for: 00:00:48, ETA: 00:00:21
[PROGRESS] INFO: = Downloaded: 162.56 MiB, Written: 164.92 MiB
[PROGRESS] INFO:  + Download	- 9.26 MiB/s (raw) / 9.33 MiB/s (decompressed)
[PROGRESS] INFO:  + Disk	- 20.76 MiB/s (write) / 0.00 MiB/s (read)
[PROGRESS] INFO: = Progress: 73.62 183412251/249119027, Running for: 00:00:49, ETA: 00:00:17
[PROGRESS] INFO: = Downloaded: 186.55 MiB, Written: 174.92 MiB
[PROGRESS] INFO:  + Download	- 4.68 MiB/s (raw) / 4.68 MiB/s (decompressed)
[PROGRESS] INFO:  + Disk	- 16.39 MiB/s (write) / 0.00 MiB/s (read)
[PROGRESS] INFO: = Progress: 100.00 249119027/249119027, Running for: 00:00:50, ETA: 00:00:00
[PROGRESS] INFO: = Downloaded: 186.55 MiB, Written: 237.58 MiB
[PROGRESS] INFO:  + Download	- 29.88 MiB/s (raw) / 29.89 MiB/s (decompressed)
[PROGRESS] INFO:  + Disk	- 73.06 MiB/s (write) / 46.64 MiB/s (read)
